// Jest Snapshot v1, https://goo.gl/fbAQLP

exports[`FilterEvent should render correctly 1`] = `ShallowWrapper {}`;
